
> cadpay@0.1.0 build
> next build --webpack

npm.cmd : ÔÜá Invalid next.config.mjs options detected: 
At line:1 char:1
+ npm.cmd run build > build_output.txt 2>&1
+ ~~~~~~~~~~~~~~~~~~~~~~~~~~~~~~~~~~~~~~~~~
    + CategoryInfo          : NotSpecified: (ÔÜá Invalid nex...ions detected: :String) [], RemoteException
    + FullyQualifiedErrorId : NativeCommandError
 
ÔÜá     Unrecognized key(s) in object: 'serverComponentsExternalPackages', 'outputFileTracingIncludes' at 
"experimental"
ÔÜá See more info here: https://nextjs.org/docs/messages/invalid-next-config
ÔÜá `experimental.serverComponentsExternalPackages` has been moved to `serverExternalPackages`. Please update your 
next.config.mjs file accordingly.
ÔÜá `experimental.outputFileTracingIncludes` has been moved to `outputFileTracingIncludes`. Please update your 
next.config.mjs file accordingly.
ÔÜá Warning: Next.js inferred your workspace root, but it may not be correct.
 We detected multiple lockfiles and selected the directory of C:\Users\SAMUEL\package-lock.json as the root directory.
 To silence this warning, set `outputFileTracingRoot` in your Next.js config, or consider removing one of the 
lockfiles if it's not needed.
   See https://nextjs.org/docs/app/api-reference/config/next-config-js/output#caveats for more information.
 Detected additional lockfiles: 
   * C:\Users\SAMUEL\Desktop\SAMUEL\Hackathon\cadpay-inj\package-lock.json

Ôû▓ Next.js 16.1.6 (webpack)
- Experiments (use with caution):
  ? outputFileTracingIncludes (invalid experimental key)
  ? serverComponentsExternalPackages (invalid experimental key)

  Creating an optimized production build ...
Ô£ô Compiled successfully in 3.1min
  Running TypeScript ...
  Collecting page data using 3 workers ...
ÔÜá Using edge runtime on a page currently disables static generation for that page
  Generating static pages using 3 workers (0/18) ...
  Generating static pages using 3 workers (4/18) 
Error occurred prerendering page "/_not-found". Read more: https://nextjs.org/docs/messages/prerender-error
Error: supabaseUrl is required.
    at dk (C:\Users\SAMUEL\Desktop\SAMUEL\Hackathon\cadpay-inj\.next\server\chunks\1064.js:82:66366)
    at new dm (C:\Users\SAMUEL\Desktop\SAMUEL\Hackathon\cadpay-inj\.next\server\chunks\1064.js:82:66733)
    at dn (C:\Users\SAMUEL\Desktop\SAMUEL\Hackathon\cadpay-inj\.next\server\chunks\1064.js:82:69983)
    at 91809 (C:\Users\SAMUEL\Desktop\SAMUEL\Hackathon\cadpay-inj\.next\server\chunks\1367.js:1:21745)
    at g (C:\Users\SAMUEL\Desktop\SAMUEL\Hackathon\cadpay-inj\.next\server\webpack-runtime.js:1:151)
    at 62031 (C:\Users\SAMUEL\Desktop\SAMUEL\Hackathon\cadpay-inj\.next\server\chunks\1367.js:1:12154)
    at g (C:\Users\SAMUEL\Desktop\SAMUEL\Hackathon\cadpay-inj\.next\server\webpack-runtime.js:1:151)
    at 42804 (C:\Users\SAMUEL\Desktop\SAMUEL\Hackathon\cadpay-inj\.next\server\chunks\1367.js:1:8946)
    at g (C:\Users\SAMUEL\Desktop\SAMUEL\Hackathon\cadpay-inj\.next\server\webpack-runtime.js:1:151)
    at 18696 (C:\Users\SAMUEL\Desktop\SAMUEL\Hackathon\cadpay-inj\.next\server\chunks\1367.js:1:3445) {
  digest: '3584087224'
}
Export encountered an error on /_not-found/page: /_not-found, exiting the build.
Ô¿» Next.js build worker exited with code: 1 and signal: null
